---
source: components/mm1-sup/src/mixed/strategy/all_for_one/tests.rs
expression: report
---
- "RestartIntensity { max_restarts: 0, within: 18446744073709551615.999999999s }"
- "ADD     [one|Permanent]"
- DECIDE
- ">>> Start(one)"
- "STARTED [one] / <:1>"
- DECIDE
- ">>> InitDone"
- "EXITED  <:1> normal_exit=false"
- DECIDE
- ">>> Quit(normal=false)"
