---
source: crates/mm1-message-codec-serde/src/json/tests.rs
expression: packets
---
- to: "<:1>"
  type_key: "mm1_message_codec_serde::json::tests::messages::M1"
  message: "{\"m_1\":1}"
- to: "<:2>"
  type_key: "mm1_message_codec_serde::json::tests::messages::M2"
  message: "{\"m_2\":\"this is m2\"}"
- to: "<:4>"
  type_key: "mm1_message_codec_serde::json::tests::messages::M3"
  message: "{\"m_3\":{\"hello\":\"there\"}}"
